   Compiling proc-macro2 v1.0.69
   Compiling unicode-ident v1.0.12
   Compiling libc v0.2.150
   Compiling autocfg v1.1.0
   Compiling futures-core v0.3.29
   Compiling pin-project-lite v0.2.13
   Compiling futures-channel v0.3.29
   Compiling futures-task v0.3.29
   Compiling cfg-if v1.0.0
   Compiling futures-util v0.3.29
   Compiling futures-sink v0.3.29
   Compiling memchr v2.6.4
   Compiling rustversion v1.0.14
   Compiling futures-io v0.3.29
   Compiling slab v0.4.9
   Compiling pin-utils v0.1.0
   Compiling num-traits v0.2.17
   Compiling once_cell v1.18.0
   Compiling ppv-lite86 v0.2.17
   Compiling serde v1.0.192
   Compiling quote v1.0.33
   Compiling tracing-core v0.1.32
   Compiling log v0.4.20
   Compiling syn v2.0.39
   Compiling getrandom v0.2.11
   Compiling socket2 v0.5.5
   Compiling mio v0.8.9
   Compiling rand_core v0.6.4
   Compiling async-trait v0.1.74
   Compiling rand_chacha v0.3.1
   Compiling thiserror v1.0.50
   Compiling heck v0.4.1
   Compiling tokio v1.34.0
   Compiling rand v0.8.5
   Compiling tracing v0.1.40
   Compiling tower-service v0.3.2
   Compiling bytes v1.5.0
   Compiling iana-time-zone v0.1.58
   Compiling fnv v1.0.7
   Compiling itoa v1.0.9
   Compiling tower-layer v0.3.2
   Compiling http v0.2.11
   Compiling ulid v1.1.0
   Compiling graceful-shutdown v0.2.0
   Compiling futures-macro v0.3.29
   Compiling serde_derive v1.0.192
   Compiling pin-project-internal v1.1.3
   Compiling async-stream-impl v0.3.5
   Compiling strum_macros v0.25.3
   Compiling thiserror-impl v1.0.50
   Compiling async-stream v0.3.5
   Compiling pin-project v1.1.3
   Compiling strum v0.25.0
   Compiling futures-executor v0.3.29
   Compiling tower v0.4.13
   Compiling futures v0.3.29
   Compiling chrono v0.4.31
   Compiling apalis-core v0.4.6
   Compiling apalis v0.4.6
   Compiling apalis-dep-problem v0.1.0 (/home/jayvdb/tmp/apalis-dep-problem)
    Finished dev [unoptimized + debuginfo] target(s) in 6.06s
